         ready
DRAM:  512 MiB
NAND:  0 MiB
MMC:   OMAP SD/MMC: 0
*** Warning - readenv() failed, using default environment

In:    serial
Out:   serial
Err:   serial
Beagle xM Rev A
No EEPROM on expansion board
Die ID #0fd000011ff00000015739eb08034016
Net:   Net Initialization Skipped
No ethernet found.
Hit any key to stop autobo 0 
OMAP3 beagleboard.org #setenv bootdelay 3
OMAP3 beagleboard.org #setenv baudrate 115200
## Switch baudrate to 115200 bps andpress ENTER ...OMAP3 beagleboard.org #setenv oldbootargs ${bootargs}
OMAP3 beagleboard.org #bigger 100
                                 ip=dhcp
OMAP3 beagleboard.org #setenv oldbootcmd ${bootcmd}
setenv - set environment variables

Usage:
setenv name value ...
    - set environment variable 'name' to 'value ...'
setenv name
    - delete environment variable 'name'
OMAP3 beagleboard.org #setenv bootcmd 'mmc rescan 0;fatload mmc 0 0x82000000 uImage;bootm 0x82000000'
OMAP3 beagleboard.org #saveenv
Saving Environment to NAND...
Erasing Nand...
Attempt to erase non page aligned data
OMAP3 beagleboard.org # boot
reading uImage

3413088 bytes read
## Booting kernel from Legacy Image at 82000000 ...
   Image Name:   Linux-3.3.7
   Image Type:   ARM Linux Kernel Image (uncompressed)
   Data Size:    3413024 Bytes = 3.3 MiB
   Load Address: 80008000
   Entry Point:  80008000
   Verifying Checksum ... OK
   Loading Kernel Image ... OK
OK

Starting kernel ...

Uncompressing Linux... done, booting the kernel.
[    0.000000] Booting Linux on physical CPU 0
[    0.000000] Initializing cgroup subsys cpuset
[    0.000000] Initializing cgroup subsys cpu
[    0.000000] Linux version 3.3.7 (jenkins@sdit-build02) (gcc version 4.7.3 20130226 (prerelease) (crosstool-NG linaro-1.13.1-4.7-2013.03-20130313 - 3
[    0.000000] CPU: ARMv7 Processor [413fc082] revision 2 (ARMv7), cr=10c53c7d
[    0.000000] CPU: PIPT / VIPT nonaliasing data cache, VIPT aliasing instruction cache
[    0.000000] Machine: OMAP3 Beagle Board
[    0.000000] Reserving 12582912 bytes SDRAM for VRAM
[    0.000000] Memory policy: ECC disabled, Data cache writeback
[    0.000000] OMAP3630 ES1.1 (l2cache iva sgx neon isp 192mhz_clk )
[    0.000000] Clocking rate (Crystal/Core/MPU): 26.0/400/600 MHz
[    0.000000] Built 1 zonelists in Zone order, mobility grouping on.  Total pages: 126720
[    0.000000] Kernel command line: console=ttyO2,115200n8 rw noinitrd root=/dev/nfs nfsroot=172.21.106.34:/home/david/ti-sdk-beagleboard-06.00.00.00/p
[    0.000000] PID hash table entries: 2048 (order: 1, 8192 bytes)
[    0.000000] Dentry cache hash table entries: 65536 (order: 6, 262144 bytes)
[    0.000000] Inode-cache hash table entries: 32768 (order: 5, 131072 bytes)
[    0.000000] allocated 1048576 bytes of page_cgroup
[    0.000000] please try 'cgroup_disable=memory' option if you don't want memory cgroups
[    0.000000] Memory: 499MB = 499MB total
[    0.000000] Memory: 498404k/498404k available, 25884k reserved, 0K highmem
[    0.000000] Virtual kernel memory layout:
[    0.000000]     vector  : 0xffff0000 - 0xffff1000   (   4 kB)
[    0.000000]     fixmap  : 0xfff00000 - 0xfffe0000   ( 896 kB)
[    0.000000]     vmalloc : 0xe0800000 - 0xff000000   ( 488 MB)
[    0.000000]     lowmem  : 0xc0000000 - 0xe0000000   ( 512 MB)
[    0.000000]     modules : 0xbf000000 - 0xc0000000   (  16 MB)
[    0.000000]       .text : 0xc0008000 - 0xc061770c   (6206 kB)
[    0.000000]       .init : 0xc0618000 - 0xc064e000   ( 216 kB)
[    0.000000]       .data : 0xc064e000 - 0xc069e800   ( 322 kB)
[    0.000000]        .bss : 0xc069e824 - 0xc06d8034   ( 231 kB)
[    0.000000] NR_IRQS:474
[    0.000000] IRQ: Found an INTC at 0xfa200000 (revision 4.0) with 96 interrupts
[    0.000000] Total of 96 interrupts on 1 active controller
[    0.000000] OMAP clockevent source: GPTIMER12 at 32768 Hz
[    0.000000] sched_clock: 32 bits at 32kHz, resolution 30517ns, wraps every 131071999ms
[    0.000000] Console: colour dummy device 80x30
[    0.000183] Calibrating delay loop... 503.12 BogoMIPS (lpj=1966080)
[    0.032928] pid_max: default: 32768 minimum: 301
[    0.033111] Mount-cache hash table entries: 512
[    0.033447] Initializing cgroup subsys cpuacct
[    0.033477] Initializing cgroup subsys memory
[    0.033508] Initializing cgroup subsys devices
[    0.033538] Initializing cgroup subsys freezer
[    0.033538] Initializing cgroup subsys blkio
[    0.033569] Initializing cgroup subsys perf_event
[    0.033660] CPU: Testing write buffer coherency: ok
[    0.033905] Setting up static identity map for 0x80461c08 - 0x80461c60
[    0.034606] devtmpfs: initialized
[    0.036285] omap_hwmod: usbtll_fck: missing clockdomain for usbtll_fck.
[    0.067810] print_constraints: dummy: 
[    0.068054] NET: Registered protocol family 16
[    0.068237] GPMC revision 5.0
[    0.069641] gpiochip_add: registered GPIOs 0 to 31 on device: gpio
[    0.069732] OMAP GPIO hardware version 2.5
[    0.069854] gpiochip_add: registered GPIOs 32 to 63 on device: gpio
[    0.070037] gpiochip_add: registered GPIOs 64 to 95 on device: gpio
[    0.070220] gpiochip_add: registered GPIOs 96 to 127 on device: gpio
[    0.070434] gpiochip_add: registered GPIOs 128 to 159 on device: gpio
[    0.070617] gpiochip_add: registered GPIOs 160 to 191 on device: gpio
[    0.071136] omap_mux_init: Add partition: #1: core, flags: 0
[    0.072387] OMAP3 Beagle Rev: xM Ax/Bx
[    0.074432] Reprogramming SDRC clock to 400000000 Hz
[    0.074462] dpll3_m2_clk rate change failed: -22
[    0.076416]  usbhs_omap: alias fck already exists
[    0.076538] Found NAND on CS0
[    0.076538] Registering NAND on CS0
[    0.077056] hw-breakpoint: debug architecture 0x4 unsupported.
[    0.080505]  omap-mcbsp.2: alias fck already exists
[    0.080688]  omap-mcbsp.3: alias fck already exists
[    0.081787] OMAP DMA hardware revision 5.0
[    0.090179] bio: create slab <bio-0> at 0
[    0.091186] SCSI subsystem initialized
[    0.092742] usbcore: registered new interface driver usbfs
[    0.092895] usbcore: registered new interface driver hub
[    0.093017] usbcore: registered new device driver usb
[    0.093719] omap_i2c omap_i2c.1: bus 1 rev1.4.0 at 2600 kHz
[    0.096160] twl4030: PIH (irq 7) chaining IRQs 368..375
[    0.096252] twl4030: power (irq 373) chaining IRQs 376..383
[    0.096771] twl4030: gpio (irq 368) chaining IRQs 384..401
[    0.097076] gpiochip_add: registered GPIOs 192 to 211 on device: twl4030
[    0.099304] print_constraints: VUSB1V5: 1500 mV normal standby
[    0.099731] print_constraints: VUSB1V8: 1800 mV normal standby
[    0.100097] print_constraints: VUSB3V1: 3100 mV normal standby
[    0.103393] twl4030_usb twl4030_usb: Initialized TWL4030 USB module
[    0.104064] print_constraints: VMMC1: 1850 <--> 3150 mV at 3150 mV normal standby
[    0.104522] print_constraints: VDAC: 1800 mV normal standby
[    0.105010] print_constraints: VDVI: 1800 mV normal standby
[    0.105590] print_constraints: VSIM: 1800 <--> 3000 mV at 1800 mV normal standby
[    0.105987] omap_i2c omap_i2c.3: bus 3 rev1.4.0 at 100 kHz
[    0.106811] omap-iommu omap-iommu.0: isp registered
[    0.106994] Advanced Linux Sound Architecture Driver Version 1.0.24.
[    0.107604] Bluetooth: Core ver 2.16
[    0.107666] NET: Registered protocol family 31
[    0.107696] Bluetooth: HCI device and connection manager initialized
[    0.107696] Bluetooth: HCI socket layer initialized
[    0.107727] Bluetooth: L2CAP socket layer initialized
[    0.107757] Bluetooth: SCO socket layer initialized
[    0.108032] Switching to clocksource 32k_counter
[    0.119842] usbhs_omap usbhs_omap: xclk60mhsp1_ck set parentfailed error:-22
[    0.119873] usbhs_omap usbhs_omap: xclk60mhsp2_ck set parentfailed error:-22
[    0.120330] musb-hdrc: version 6.0, ?dma?, otg (peripheral+host)
[    0.120880] musb-hdrc musb-hdrc: USB OTG mode controller at fa0ab000 using DMA, IRQ 92
[    0.121215] NET: Registered protocol family 2
[    0.121459] IP route cache hash table entries: 4096 (order: 2, 16384 bytes)
[    0.121856] TCP established hash table entries: 16384 (order: 5, 131072 bytes)
[    0.122192] TCP bind hash table entries: 16384 (order: 4, 65536 bytes)
[    0.122406] TCP: Hash tables configured (established 16384 bind 16384)
[    0.122436] TCP reno registered
[    0.122436] UDP hash table entries: 256 (order: 0, 4096 bytes)
[    0.122467] UDP-Lite hash table entries: 256 (order: 0, 4096 bytes)
[    0.122741] NET: Registered protocol family 1
[    0.123107] RPC: Registered named UNIX socket transport module.
[    0.123107] RPC: Registered udp transport module.
[    0.123107] RPC: Registered tcp transport module.
[    0.123138] RPC: Registered tcp NFSv4.1 backchannel transport module.
[    0.126495] VFS: Disk quotas dquot_6.5.2
[    0.126556] Dquot-cache hash table entries: 1024 (order 0, 4096 bytes)
[    0.127105] squashfs: version 4.0 (2009/01/31) Phillip Lougher
[    0.127441] nfs4filelayout_init: NFSv4 File Layout Driver Registering...
[    0.127471] JFFS2 version 2.2. (NAND) (SUMMARY)  �© 2001-2006 Red Hat, Inc.
[    0.128082] msgmni has been set to 973
[    0.129486] Block layer SCSI generic (bsg) driver version 0.4 loaded (major 253)
[    0.129608] io scheduler noop registered
[    0.129608] io scheduler deadline registered
[    0.129669] io scheduler cfq registered (default)
[    0.130462] OMAP DSS rev 2.0
[    0.132629] Serial: 8250/16550 driver, 4 ports, IRQ sharing enabled
[    0.134033] omap_uart.0: ttyO0 at MMIO 0x4806a000 (irq = 72) is a OMAP UART0
[    0.134429] omap_uart.1: ttyO1 at MMIO 0x4806c000 (irq = 73) is a OMAP UART1
[    0.134826] omap_uart.2: ttyO2 at MMIO 0x49020000 (irq = 74) is a OMAP UART2
[    0.906127] console [ttyO2] enabled
[    0.910247] omap_uart.3: ttyO3 at MMIO 0x49042000 (irq = 80) is a OMAP UART3
[    0.926269] brd: module loaded
[    0.933837] loop: module loaded
[    0.938751] No NAND device found
[    0.942352] No NAND device found
[    0.946777] usbcore: registered new interface driver catc
[    0.952545] usbcore: registered new interface driver kaweth
[    0.958374] pegasus: v0.6.14 (2006/09/27), Pegasus/Pegasus II USB Ethernet driver
[    0.966278] usbcore: registered new interface driver pegasus
[    0.972290] usbcore: registered new interface driver rtl8150
[    0.978302] usbcore: registered new interface driver asix
[    0.984069] usbcore: registered new interface driver cdc_ether
[    0.990234] usbcore: registered new interface driver dm9601
[    0.996185] usbcore: registered new interface driver smsc95xx
[    1.002258] usbcore: registered new interface driver gl620a
[    1.008178] usbcore: registered new interface driver net1080
[    1.014160] usbcore: registered new interface driver plusb
[    1.019989] usbcore: registered new interface driver rndis_host
[    1.026275] usbcore: registered new interface driver cdc_subset
[    1.032531] usbcore: registered new interface driver zaurus
[    1.038452] usbcore: registered new interface driver MOSCHIP usb-ethernet driver
[    1.046783] ehci_hcd: USB 2.0 'Enhanced' Host Controller (EHCI) Driver
[    1.053771] _regulator_get: ehci-omap.0 supply hsusb0 not found, using dummy regulator
[    1.062164] _regulator_get: ehci-omap.0 supply hsusb1 not found, using dummy regulator
[    3.084686] ehci-omap ehci-omap.0: OMAP-EHCI Host Controller
[    3.091064] ehci-omap ehci-omap.0: new USB bus registered, assigned bus number 1
[    3.098937] ehci-omap ehci-omap.0: irq 77, io mem 0x48064800
[    3.115966] ehci-omap ehci-omap.0: USB 2.0 started, EHCI 1.00
[    3.122100] usb usb1: New USB device found, idVendor=1d6b, idProduct=0002
[    3.129241] usb usb1: New USB device strings: Mfr=3, Product=2, SerialNumber=1
[    3.136810] usb usb1: Product: OMAP-EHCI Host Controller
[    3.142395] usb usb1: Manufacturer: Linux 3.3.7 ehci_hcd
[    3.147979] usb usb1: SerialNumber: ehci-omap.0
[    3.153411] hub 1-0:1.0: USB hub found
[    3.157409] hub 1-0:1.0: 3 ports detected
[    3.186279] Initializing USB Mass Storage driver...
[    3.191528] usbcore: registered new interface driver usb-storage
[    3.197845] USB Mass Storage support registered.
[    3.203063] mousedev: PS/2 mouse device common for all mice
[    3.210144] input: twl4030_pwrbutton as /devices/platform/omap/omap_i2c.1/i2c-1/1-0049/twl4030_pwrbutton/input/input0
[    3.221801] i2c /dev entries driver
[    3.225891] Linux media interface: v0.10
[    3.230072] Linux video capture interface: v2.00
[    3.235595] OMAP Watchdog Timer Rev 0x31: initial timeout 60 sec
[    3.242004] Bluetooth: HCI UART driver ver 2.2
[    3.246643] Bluetooth: HCI H4 protocol initialized
[    3.251678] Bluetooth: HCI BCSP protocol initialized
[    3.256927] Bluetooth: HCILL protocol initialized
[    3.261840] Bluetooth: HCIATH3K protocol initialized
[    3.267181] usbcore: registered new interface driver btusb
[    3.273193] cpuidle: using governor ladder
[    3.277465] cpuidle: using governor menu
[    3.502899] usbcore: registered new interface driver usbhid
[    3.508789] usbhid: USB HID core driver
[    3.512969] usb 1-2: new high-speed USB device number 2 using ehci-omap
[    3.520416] usbcore: registered new interface driver snd-usb-audio
[    3.527770] OMAP3 Beagle/Devkit8000 SoC init
[    3.607849] asoc: twl4030-hifi <-> omap-mcbsp-dai.1 mapping ok
[    3.617706] ALSA device list:
[    3.620819]   #0: omap3beagle
[    3.623931] oprofile: hardware counters not available
[    3.629241] oprofile: using timer interrupt.
[    3.633972] TCP cubic registered
[    3.637359] NET: Registered protocol family 17
[    3.642089] NET: Registered protocol family 15
[    3.646759] lib80211: common routines for IEEE802.11 drivers
[    3.652679] Registering the dns_resolver key type
[    3.657684] VFP support v0.3: implementor 41 architecture 3 part 30 variant c rev 3
[    3.665679] ThumbEE CPU extension supported.
[    3.673828] omap3_idle_init: core off state C7 disabled due to i583
[    3.680755] sr_init: No PMIC hook to init smartreflex
[    3.686279] smartreflex smartreflex.0: omap_sr_probe: SmartReflex driver initialized
[    3.694580] smartreflex smartreflex.1: omap_sr_probe: SmartReflex driver initialized
[    3.702819] SmartReflex Class3 initialized
[    3.711547] clock: disabling unused clocks to save power
[    3.718170] registered taskstats version 1
[    3.723144] fbcvt: 640x480@60: CVT Name - .307M3-R
[    3.736511] Console: switching to colour frame buffer device 80x30
[    3.749206] usb 1-2: New USB device found, idVendor=0424, idProduct=9514
[    3.756256] usb 1-2: New USB device strings: Mfr=0, Product=0, SerialNumber=0
[    3.765716] hub 1-2:1.0: USB hub found
[    3.769683] regulator_init_complete: VDAC: incomplete constraints, leaving on
[    3.779235] hub 1-2:1.0: 5 ports detected
[    3.783996] input: gpio-keys as /devices/platform/gpio-keys/input/input1
[    3.791687] drivers/rtc/hctosys.c: unable to open rtc device (rtc0)
[    3.960906] mmc0: host does not support reading read-only switch. assuming write-enable.
[    3.975036] mmc0: new high speed SDHC card at address e624
[    3.981292] mmcblk0: mmc0:e624 SU04G 3.69 GiB 
[    3.995391]  mmcblk0: p1 p2
[    4.085174] usb 1-2.1: new high-speed USB device number 3 using ehci-omap
[    4.210540] usb 1-2.1: New USB device found, idVendor=0424, idProduct=ec00
[    4.217773] usb 1-2.1: New USB device strings: Mfr=0, Product=0, SerialNumber=0
[    4.228576] smsc95xx v1.0.4
[    4.314514] smsc95xx 1-2.1:1.0: eth0: register 'smsc95xx' at usb-ehci-omap.0-2.1, smsc95xx USB 2.0 Ethernet, 76:9b:15:e0:aa:4f
[    6.346008] smsc95xx 1-2.1:1.0: eth0: link up, 100Mbps, full-duplex, lpa 0x45E1
[    6.373901] Sending DHCP requests ., OK
[    7.116577] IP-Config: Got DHCP answer from 172.21.106.2, my address is 172.21.106.242
[    7.125427] IP-Config: Complete:
[    7.128814]      device=eth0, addr=172.21.106.242, mask=255.255.255.0, gw=172.21.106.1,
[    7.136993]      host=172.21.106.242, domain=estudiantes.ie.itcr.ac.cr, nis-domain=(none),
[    7.145660]      bootserver=172.21.106.2, rootserver=172.21.106.34, rootpath=
[   22.644348] VFS: Mounted root (nfs filesystem) on device 0:15.
[   22.651428] devtmpfs: mounted
[   22.655029] Freeing init memory: 216K
INIT: version 2.88 booting
Starting udev
[   23.713409] udev[68]: starting version 164
[   25.578613] twl4030_madc twl4030_madc: clk disabled, enabling
[   25.653228] twl_rtc twl_rtc: Power up reset detected.
[   25.663269] twl_rtc twl_rtc: Enabling TWL-RTC.
[   25.682067] twl_rtc twl_rtc: rtc core: registered twl_rtc as rtc0
[   28.302734] Btrfs loaded
[   28.672180] EXT4-fs (mmcblk0p2): mounted filesystem with ordered data mode. Opts: (null)
Starting Bootlog daemon: bootlogd: cannot allocate pseudo tty: No such file or directory
bootlogd.
ALSA: Restoring mixer settings...
NOT configuring network interfaces: / is an NFS mount
Tue Jun 25 08:17:00 UTC 2013
INIT: Entering runlevel: 5
Starting system message bus: dbus.
Starting Dropbear SSH server: [   30.492370] NET: Registered protocol family 10
dropbear.
Starting telnet daemon.
Starting syslogd/klogd: done
Starting thttpd.
Starting PVR
Starting Lighttpd Web Server: 2013-06-25 08:17:02: (log.c.166) server started 
lighttpd.
/
Starting Matrix GUI application.                                                        
***************************************************************                         
***************************************************************                         
NOTICE: This file system contains the followin GPLv3 packages:                          
        binutils-symlinks
        binutils
        gdbserver

If you do not wish to distribute GPLv3 components please remove
the above packages prior to distribution.  This can be done using
the opkg remove command.  i.e.:
    opkg remove <package>
Where <package> is the name printed in the list above

NOTE: If the package is a dependency of another package you
      will be notified of the dependent packages.  You should
      use the --force-removal-of-dependent-packages option to
      also remove the dependent packages as well
***************************************************************
***************************************************************
Stopping Bootlog daemon: bootlogd.

 _____                    _____           _         _   
|  _  |___ ___ ___ ___   |  _  |___ ___  |_|___ ___| |_ 
|     |  _| .'| . | . |  |   __|  _| . | | | -_|  _|  _|
|__|__|_| |__,|_  |___|  |__|  |_| |___|_| |___|___|_|  
              |___|                    |___|            

Arago Project http://arago-project.org beagleboard ttyO2

Arago 2013.05 beagleboard ttyO2

beagleboard login: 

